Archive member included because of file (symbol)

c:/program files (x86)/atmel/avr studio 5.0/avr toolchain/bin/../lib/gcc/avr/4.5.1/avr5\libgcc.a(_mulsi3.o)
                              bmp085_interface.o (__mulsi3)
c:/program files (x86)/atmel/avr studio 5.0/avr toolchain/bin/../lib/gcc/avr/4.5.1/avr5\libgcc.a(_udivmodqi4.o)
                              rtc_interface.o (__udivmodqi4)
c:/program files (x86)/atmel/avr studio 5.0/avr toolchain/bin/../lib/gcc/avr/4.5.1/avr5\libgcc.a(_udivmodhi4.o)
                              timer_interface.o (__udivmodhi4)
c:/program files (x86)/atmel/avr studio 5.0/avr toolchain/bin/../lib/gcc/avr/4.5.1/avr5\libgcc.a(_divmodhi4.o)
                              adx_interface.o (__divmodhi4)
c:/program files (x86)/atmel/avr studio 5.0/avr toolchain/bin/../lib/gcc/avr/4.5.1/avr5\libgcc.a(_udivmodsi4.o)
                              bmp085_interface.o (__udivmodsi4)
c:/program files (x86)/atmel/avr studio 5.0/avr toolchain/bin/../lib/gcc/avr/4.5.1/avr5\libgcc.a(_divmodsi4.o)
                              bmp085_interface.o (__divmodsi4)
c:/program files (x86)/atmel/avr studio 5.0/avr toolchain/bin/../lib/gcc/avr/4.5.1/avr5\libgcc.a(_exit.o)
                              c:/program files (x86)/atmel/avr studio 5.0/avr toolchain/bin/../lib/gcc/avr/4.5.1/../../../../avr/lib/avr5/crtm324p.o (exit)
c:/program files (x86)/atmel/avr studio 5.0/avr toolchain/bin/../lib/gcc/avr/4.5.1/avr5\libgcc.a(_copy_data.o)
                              coms_interface.o (__do_copy_data)
c:/program files (x86)/atmel/avr studio 5.0/avr toolchain/bin/../lib/gcc/avr/4.5.1/avr5\libgcc.a(_clear_bss.o)
                              adc_interface.o (__do_clear_bss)
c:/program files (x86)/atmel/avr studio 5.0/avr toolchain/bin/../lib/gcc/avr/4.5.1/avr5\libgcc.a(_ashldi3.o)
                              usart_interface.o (__ashldi3)
c:/program files (x86)/atmel/avr studio 5.0/avr toolchain/bin/../lib/gcc/avr/4.5.1/avr5\libgcc.a(_divdi3.o)
                              usart_interface.o (__divdi3)
c:/program files (x86)/atmel/avr studio 5.0/avr toolchain/bin/../lib/gcc/avr/4.5.1/avr5\libgcc.a(_moddi3.o)
                              usart_interface.o (__moddi3)
c:/program files (x86)/atmel/avr studio 5.0/avr toolchain/bin/../lib/gcc/avr/4.5.1/avr5\libgcc.a(_prologue.o)
                              c:/program files (x86)/atmel/avr studio 5.0/avr toolchain/bin/../lib/gcc/avr/4.5.1/avr5\libgcc.a(_divdi3.o) (__prologue_saves__)
c:/program files (x86)/atmel/avr studio 5.0/avr toolchain/bin/../lib/gcc/avr/4.5.1/avr5\libgcc.a(_epilogue.o)
                              c:/program files (x86)/atmel/avr studio 5.0/avr toolchain/bin/../lib/gcc/avr/4.5.1/avr5\libgcc.a(_divdi3.o) (__epilogue_restores__)
c:/program files (x86)/atmel/avr studio 5.0/avr toolchain/bin/../lib/gcc/avr/4.5.1/avr5\libgcc.a(_clz.o)
                              c:/program files (x86)/atmel/avr studio 5.0/avr toolchain/bin/../lib/gcc/avr/4.5.1/avr5\libgcc.a(_divdi3.o) (__clz_tab)
c:/program files (x86)/atmel/avr studio 5.0/avr toolchain/bin/../lib/gcc/avr/4.5.1/../../../../avr/lib/avr5\libc.a(atoi.o)
                              gps_interface.o (atoi)
c:/program files (x86)/atmel/avr studio 5.0/avr toolchain/bin/../lib/gcc/avr/4.5.1/../../../../avr/lib/avr5\libc.a(mul10.o)
                              c:/program files (x86)/atmel/avr studio 5.0/avr toolchain/bin/../lib/gcc/avr/4.5.1/../../../../avr/lib/avr5\libc.a(atoi.o) (__mulhi_const_10)
c:/program files (x86)/atmel/avr studio 5.0/avr toolchain/bin/../lib/gcc/avr/4.5.1/../../../../avr/lib/avr5\libc.a(eerd_byte_atmega324p.o)
                              data_interface.o (__eerd_byte_m324p)
c:/program files (x86)/atmel/avr studio 5.0/avr toolchain/bin/../lib/gcc/avr/4.5.1/../../../../avr/lib/avr5\libc.a(eewr_byte_atmega324p.o)
                              data_interface.o (__eewr_byte_m324p)

Memory Configuration

Name             Origin             Length             Attributes
text             0x00000000         0x00020000         xr
data             0x00800060         0x0000ffa0         rw !x
eeprom           0x00810000         0x00010000         rw !x
fuse             0x00820000         0x00000400         rw !x
lock             0x00830000         0x00000400         rw !x
signature        0x00840000         0x00000400         rw !x
*default*        0x00000000         0xffffffff

Linker script and memory map

Address of section .data set to 0x800100
LOAD c:/program files (x86)/atmel/avr studio 5.0/avr toolchain/bin/../lib/gcc/avr/4.5.1/../../../../avr/lib/avr5/crtm324p.o
LOAD adc_interface.o
LOAD adx_interface.o
LOAD bmp085_interface.o
LOAD coms_interface.o
LOAD data_interface.o
LOAD globals.o
LOAD gps_interface.o
LOAD isense.o
LOAD light_interface.o
LOAD rtc_interface.o
LOAD sensor_interface.o
LOAD spi_master.o
LOAD timer_interface.o
LOAD twi_interface.o
LOAD usart_interface.o
LOAD user_interface.o
LOAD c:/program files (x86)/atmel/avr studio 5.0/avr toolchain/bin/../lib/gcc/avr/4.5.1/avr5\libgcc.a
LOAD c:/program files (x86)/atmel/avr studio 5.0/avr toolchain/bin/../lib/gcc/avr/4.5.1/../../../../avr/lib/avr5\libc.a
LOAD c:/program files (x86)/atmel/avr studio 5.0/avr toolchain/bin/../lib/gcc/avr/4.5.1/avr5\libgcc.a

.hash
 *(.hash)

.dynsym
 *(.dynsym)

.dynstr
 *(.dynstr)

.gnu.version
 *(.gnu.version)

.gnu.version_d
 *(.gnu.version_d)

.gnu.version_r
 *(.gnu.version_r)

.rel.init
 *(.rel.init)

.rela.init
 *(.rela.init)

.rel.text
 *(.rel.text)
 *(.rel.text.*)
 *(.rel.gnu.linkonce.t*)

.rela.text
 *(.rela.text)
 *(.rela.text.*)
 *(.rela.gnu.linkonce.t*)

.rel.fini
 *(.rel.fini)

.rela.fini
 *(.rela.fini)

.rel.rodata
 *(.rel.rodata)
 *(.rel.rodata.*)
 *(.rel.gnu.linkonce.r*)

.rela.rodata
 *(.rela.rodata)
 *(.rela.rodata.*)
 *(.rela.gnu.linkonce.r*)

.rel.data
 *(.rel.data)
 *(.rel.data.*)
 *(.rel.gnu.linkonce.d*)

.rela.data
 *(.rela.data)
 *(.rela.data.*)
 *(.rela.gnu.linkonce.d*)

.rel.ctors
 *(.rel.ctors)

.rela.ctors
 *(.rela.ctors)

.rel.dtors
 *(.rel.dtors)

.rela.dtors
 *(.rela.dtors)

.rel.got
 *(.rel.got)

.rela.got
 *(.rela.got)

.rel.bss
 *(.rel.bss)

.rela.bss
 *(.rela.bss)

.rel.plt
 *(.rel.plt)

.rela.plt
 *(.rela.plt)

.text           0x00000000     0x7fce
 *(.vectors)
 .vectors       0x00000000       0x7c c:/program files (x86)/atmel/avr studio 5.0/avr toolchain/bin/../lib/gcc/avr/4.5.1/../../../../avr/lib/avr5/crtm324p.o
                0x00000000                __vector_default
                0x00000000                __vectors
 *(.vectors)
 *(.progmem.gcc*)
 *(.progmem*)
 .progmem.data  0x0000007c       0x4d coms_interface.o
 .progmem.data  0x000000c9       0x30 gps_interface.o
                0x000000fa                . = ALIGN (0x2)
 *fill*         0x000000f9        0x1 00
                0x000000fa                __trampolines_start = .
 *(.trampolines)
 .trampolines   0x000000fa        0x0 linker stubs
 *(.trampolines*)
                0x000000fa                __trampolines_end = .
 *(.jumptables)
 *(.jumptables*)
 *(.lowtext)
 *(.lowtext*)
                0x000000fa                __ctors_start = .
 *(.ctors)
                0x000000fa                __ctors_end = .
                0x000000fa                __dtors_start = .
 *(.dtors)
                0x000000fa                __dtors_end = .
 SORT(*)(.ctors)
 SORT(*)(.dtors)
 *(.init0)
 .init0         0x000000fa        0x0 c:/program files (x86)/atmel/avr studio 5.0/avr toolchain/bin/../lib/gcc/avr/4.5.1/../../../../avr/lib/avr5/crtm324p.o
                0x000000fa                __init
 *(.init0)
 *(.init1)
 *(.init1)
 *(.init2)
 .init2         0x000000fa        0xc c:/program files (x86)/atmel/avr studio 5.0/avr toolchain/bin/../lib/gcc/avr/4.5.1/../../../../avr/lib/avr5/crtm324p.o
 *(.init2)
 *(.init3)
 .init3         0x00000106       0x24 isense.o
                0x00000106                get_mcusr
 *(.init3)
 *(.init4)
 .init4         0x0000012a       0x16 c:/program files (x86)/atmel/avr studio 5.0/avr toolchain/bin/../lib/gcc/avr/4.5.1/avr5\libgcc.a(_copy_data.o)
                0x0000012a                __do_copy_data
 .init4         0x00000140       0x10 c:/program files (x86)/atmel/avr studio 5.0/avr toolchain/bin/../lib/gcc/avr/4.5.1/avr5\libgcc.a(_clear_bss.o)
                0x00000140                __do_clear_bss
 *(.init4)
 *(.init5)
 *(.init5)
 *(.init6)
 *(.init6)
 *(.init7)
 *(.init7)
 *(.init8)
 *(.init8)
 *(.init9)
 .init9         0x00000150        0x8 c:/program files (x86)/atmel/avr studio 5.0/avr toolchain/bin/../lib/gcc/avr/4.5.1/../../../../avr/lib/avr5/crtm324p.o
 *(.init9)
 *(.text)
 .text          0x00000158        0x4 c:/program files (x86)/atmel/avr studio 5.0/avr toolchain/bin/../lib/gcc/avr/4.5.1/../../../../avr/lib/avr5/crtm324p.o
                0x00000158                __vector_22
                0x00000158                __vector_1
                0x00000158                __vector_24
                0x00000158                __vector_12
                0x00000158                __bad_interrupt
                0x00000158                __vector_6
                0x00000158                __vector_3
                0x00000158                __vector_23
                0x00000158                __vector_30
                0x00000158                __vector_25
                0x00000158                __vector_11
                0x00000158                __vector_17
                0x00000158                __vector_19
                0x00000158                __vector_7
                0x00000158                __vector_27
                0x00000158                __vector_5
                0x00000158                __vector_9
                0x00000158                __vector_2
                0x00000158                __vector_21
                0x00000158                __vector_15
                0x00000158                __vector_29
                0x00000158                __vector_8
                0x00000158                __vector_26
                0x00000158                __vector_14
                0x00000158                __vector_10
                0x00000158                __vector_16
                0x00000158                __vector_18
 .text          0x0000015c      0x20e adc_interface.o
                0x0000015c                adc_Init
                0x00000256                adc_Read
                0x0000032a                adc_Control
 .text          0x0000036a      0x3b0 adx_interface.o
                0x0000036a                adx_Init
                0x000004b0                adx_Calibrate
                0x00000642                adx_Read_Accel
 .text          0x0000071a      0x912 bmp085_interface.o
                0x0000071a                bmp_Init
                0x000009c0                bmp_Request_Temperature
                0x000009ee                bmp_Request_Pressure
                0x00000a1c                bmp_Read_Temperature
                0x00000bac                bmp_Read_Pressure
 .text          0x0000102c      0xbfa coms_interface.o
                0x0000102c                __vector_20
                0x000010c0                coms_Init
                0x0000113a                coms_Bluetooth_Init
                0x000013f6                coms_Bluetooth_Detect
                0x00001486                coms_Poll
                0x000017bc                coms_Clear
                0x00001864                coms_Handle
 .text          0x00001c26      0x536 data_interface.o
                0x00001c26                data_Init
                0x00001c46                data_Reset_EEPROM
                0x00001cae                data_Recover_Header
                0x00001ec8                data_Write
                0x00001f4a                data_Clear
                0x00001f6c                data_Write_EEPROM
                0x00001fb8                data_Read_EEPROM
                0x00001fec                data_Compare
                0x0000213a                data_Cur_Addr
 .text          0x0000215c      0x754 globals.o
                0x0000215c                setPinMode
                0x000027ba                togglePinOutput
 .text          0x000028b0      0x7ea gps_interface.o
                0x000028b0                __vector_28
                0x00002952                gps_Init
                0x0000299e                gps_Send_Msg
                0x000029c2                gps_Poll
                0x00002a36                gps_Pull
                0x00002aac                gps_Clear
                0x00002bb8                gps_Parse
 .text          0x0000309a      0x22a isense.o
                0x0000309a                init
                0x00003188                main
 .text          0x000032c4       0xfc light_interface.o
                0x000032c4                light_Init
                0x00003336                light_Read
 .text          0x000033c0      0x3aa rtc_interface.o
                0x000033c0                rtc_Init
                0x000033f8                rtc_Read_Time
                0x0000361a                rtc_Set_Time
 .text          0x0000376a      0xc28 sensor_interface.o
                0x0000376a                __vector_4
                0x000037a4                sensor_Init
                0x00003afc                sensor_Read
                0x00004266                sensor_Reset
 .text          0x00004392      0x59a spi_master.o
                0x00004392                spi_MasterInit
                0x000043e2                spi_Transfer
                0x00004416                sst_Status
                0x0000445c                sst_Finalize
                0x0000447c                sst_AAI_Write
                0x0000463e                sst_Read
                0x00004710                sst_Read_To_Coms
                0x00004806                sst_Write_Protect_Disable
                0x0000489a                sst_Chip_Erase
 .text          0x0000492c      0x5b8 timer_interface.o
                0x0000492c                __vector_13
                0x00004a0a                timer_Init
                0x00004ac8                timer_Sleep
                0x00004b9a                timer_Wake
                0x00004bac                timer_Clock_Read_S
                0x00004bc2                timer_Clock_Read_MS
                0x00004bd8                timer_Clock_Reset
                0x00004c04                timer_Wait_MS
                0x00004c8e                timer_Wait_US
                0x00004ce0                timer_Job_Ready4
 .text          0x00004ee4      0x220 twi_interface.o
                0x00004ee4                twi_Init
                0x00004f4e                twi_Write
                0x0000500e                twi_Read
 .text          0x00005104      0x8c0 usart_interface.o
                0x00005104                usart_Init
                0x0000519c                usart_Read
                0x000051e4                usart_Write
                0x0000526c                usart_String
                0x000052b2                usart_Text
                0x00005322                usart_Print_Num
                0x000057e4                usart_Interrupt_RX
                0x0000585c                usart_Interrupt_TX
                0x000058d4                usart_RX
                0x0000594c                usart_TX
 .text          0x000059c4      0x3c8 user_interface.o
                0x000059c4                user_Init
                0x00005a32                user_Get_Button
                0x00005ac6                user_Set_LED
                0x00005bb8                user_Toggle_LED
                0x00005c36                user_Handle_Buttons
 .text          0x00005d8c        0x0 c:/program files (x86)/atmel/avr studio 5.0/avr toolchain/bin/../lib/gcc/avr/4.5.1/avr5\libgcc.a(_mulsi3.o)
 .text          0x00005d8c        0x0 c:/program files (x86)/atmel/avr studio 5.0/avr toolchain/bin/../lib/gcc/avr/4.5.1/avr5\libgcc.a(_udivmodqi4.o)
 .text          0x00005d8c        0x0 c:/program files (x86)/atmel/avr studio 5.0/avr toolchain/bin/../lib/gcc/avr/4.5.1/avr5\libgcc.a(_udivmodhi4.o)
 .text          0x00005d8c        0x0 c:/program files (x86)/atmel/avr studio 5.0/avr toolchain/bin/../lib/gcc/avr/4.5.1/avr5\libgcc.a(_divmodhi4.o)
 .text          0x00005d8c        0x0 c:/program files (x86)/atmel/avr studio 5.0/avr toolchain/bin/../lib/gcc/avr/4.5.1/avr5\libgcc.a(_udivmodsi4.o)
 .text          0x00005d8c        0x0 c:/program files (x86)/atmel/avr studio 5.0/avr toolchain/bin/../lib/gcc/avr/4.5.1/avr5\libgcc.a(_divmodsi4.o)
 .text          0x00005d8c        0x0 c:/program files (x86)/atmel/avr studio 5.0/avr toolchain/bin/../lib/gcc/avr/4.5.1/avr5\libgcc.a(_exit.o)
 .text          0x00005d8c        0x0 c:/program files (x86)/atmel/avr studio 5.0/avr toolchain/bin/../lib/gcc/avr/4.5.1/avr5\libgcc.a(_copy_data.o)
 .text          0x00005d8c        0x0 c:/program files (x86)/atmel/avr studio 5.0/avr toolchain/bin/../lib/gcc/avr/4.5.1/avr5\libgcc.a(_clear_bss.o)
 .text          0x00005d8c       0xe2 c:/program files (x86)/atmel/avr studio 5.0/avr toolchain/bin/../lib/gcc/avr/4.5.1/avr5\libgcc.a(_ashldi3.o)
                0x00005d8c                __ashldi3
 .text          0x00005e6e      0xf9e c:/program files (x86)/atmel/avr studio 5.0/avr toolchain/bin/../lib/gcc/avr/4.5.1/avr5\libgcc.a(_divdi3.o)
                0x00005e6e                __divdi3
 .text          0x00006e0c      0xfba c:/program files (x86)/atmel/avr studio 5.0/avr toolchain/bin/../lib/gcc/avr/4.5.1/avr5\libgcc.a(_moddi3.o)
                0x00006e0c                __moddi3
 .text          0x00007dc6        0x0 c:/program files (x86)/atmel/avr studio 5.0/avr toolchain/bin/../lib/gcc/avr/4.5.1/avr5\libgcc.a(_prologue.o)
 .text          0x00007dc6        0x0 c:/program files (x86)/atmel/avr studio 5.0/avr toolchain/bin/../lib/gcc/avr/4.5.1/avr5\libgcc.a(_epilogue.o)
 .text          0x00007dc6        0x0 c:/program files (x86)/atmel/avr studio 5.0/avr toolchain/bin/../lib/gcc/avr/4.5.1/avr5\libgcc.a(_clz.o)
 .text          0x00007dc6        0x0 c:/program files (x86)/atmel/avr studio 5.0/avr toolchain/bin/../lib/gcc/avr/4.5.1/../../../../avr/lib/avr5\libc.a(atoi.o)
 .text          0x00007dc6        0x0 c:/program files (x86)/atmel/avr studio 5.0/avr toolchain/bin/../lib/gcc/avr/4.5.1/../../../../avr/lib/avr5\libc.a(mul10.o)
 .text          0x00007dc6        0x0 c:/program files (x86)/atmel/avr studio 5.0/avr toolchain/bin/../lib/gcc/avr/4.5.1/../../../../avr/lib/avr5\libc.a(eerd_byte_atmega324p.o)
 .text          0x00007dc6        0x0 c:/program files (x86)/atmel/avr studio 5.0/avr toolchain/bin/../lib/gcc/avr/4.5.1/../../../../avr/lib/avr5\libc.a(eewr_byte_atmega324p.o)
                0x00007dc6                . = ALIGN (0x2)
 *(.text.*)
 .text.libgcc   0x00007dc6       0x3e c:/program files (x86)/atmel/avr studio 5.0/avr toolchain/bin/../lib/gcc/avr/4.5.1/avr5\libgcc.a(_mulsi3.o)
                0x00007dc6                __mulsi3
 .text.libgcc   0x00007e04       0x18 c:/program files (x86)/atmel/avr studio 5.0/avr toolchain/bin/../lib/gcc/avr/4.5.1/avr5\libgcc.a(_udivmodqi4.o)
                0x00007e04                __udivmodqi4
 .text.libgcc   0x00007e1c       0x28 c:/program files (x86)/atmel/avr studio 5.0/avr toolchain/bin/../lib/gcc/avr/4.5.1/avr5\libgcc.a(_udivmodhi4.o)
                0x00007e1c                __udivmodhi4
 .text.libgcc   0x00007e44       0x26 c:/program files (x86)/atmel/avr studio 5.0/avr toolchain/bin/../lib/gcc/avr/4.5.1/avr5\libgcc.a(_divmodhi4.o)
                0x00007e44                _div
                0x00007e44                __divmodhi4
 .text.libgcc   0x00007e6a       0x44 c:/program files (x86)/atmel/avr studio 5.0/avr toolchain/bin/../lib/gcc/avr/4.5.1/avr5\libgcc.a(_udivmodsi4.o)
                0x00007e6a                __udivmodsi4
 .text.libgcc   0x00007eae       0x36 c:/program files (x86)/atmel/avr studio 5.0/avr toolchain/bin/../lib/gcc/avr/4.5.1/avr5\libgcc.a(_divmodsi4.o)
                0x00007eae                __divmodsi4
 .text.libgcc   0x00007ee4        0x0 c:/program files (x86)/atmel/avr studio 5.0/avr toolchain/bin/../lib/gcc/avr/4.5.1/avr5\libgcc.a(_exit.o)
 .text.libgcc   0x00007ee4        0x0 c:/program files (x86)/atmel/avr studio 5.0/avr toolchain/bin/../lib/gcc/avr/4.5.1/avr5\libgcc.a(_copy_data.o)
 .text.libgcc   0x00007ee4        0x0 c:/program files (x86)/atmel/avr studio 5.0/avr toolchain/bin/../lib/gcc/avr/4.5.1/avr5\libgcc.a(_clear_bss.o)
 .text.libgcc   0x00007ee4       0x38 c:/program files (x86)/atmel/avr studio 5.0/avr toolchain/bin/../lib/gcc/avr/4.5.1/avr5\libgcc.a(_prologue.o)
                0x00007ee4                __prologue_saves__
 .text.libgcc   0x00007f1c       0x36 c:/program files (x86)/atmel/avr studio 5.0/avr toolchain/bin/../lib/gcc/avr/4.5.1/avr5\libgcc.a(_epilogue.o)
                0x00007f1c                __epilogue_restores__
 .text.avr-libc
                0x00007f52       0x3c c:/program files (x86)/atmel/avr studio 5.0/avr toolchain/bin/../lib/gcc/avr/4.5.1/../../../../avr/lib/avr5\libc.a(atoi.o)
                0x00007f52                atoi
 .text.avr-libc
                0x00007f8e       0x10 c:/program files (x86)/atmel/avr studio 5.0/avr toolchain/bin/../lib/gcc/avr/4.5.1/../../../../avr/lib/avr5\libc.a(mul10.o)
                0x00007f8e                __mulhi_const_10
 .text.avr-libc
                0x00007f9e       0x10 c:/program files (x86)/atmel/avr studio 5.0/avr toolchain/bin/../lib/gcc/avr/4.5.1/../../../../avr/lib/avr5\libc.a(eerd_byte_atmega324p.o)
                0x00007f9e                __eerd_byte_m324p
 .text.avr-libc
                0x00007fae       0x1c c:/program files (x86)/atmel/avr studio 5.0/avr toolchain/bin/../lib/gcc/avr/4.5.1/../../../../avr/lib/avr5\libc.a(eewr_byte_atmega324p.o)
                0x00007fae                __eewr_byte_m324p
                0x00007fb0                __eewr_r18_m324p
                0x00007fca                . = ALIGN (0x2)
 *(.fini9)
 .fini9         0x00007fca        0x0 c:/program files (x86)/atmel/avr studio 5.0/avr toolchain/bin/../lib/gcc/avr/4.5.1/avr5\libgcc.a(_exit.o)
                0x00007fca                _exit
                0x00007fca                exit
 *(.fini9)
 *(.fini8)
 *(.fini8)
 *(.fini7)
 *(.fini7)
 *(.fini6)
 *(.fini6)
 *(.fini5)
 *(.fini5)
 *(.fini4)
 *(.fini4)
 *(.fini3)
 *(.fini3)
 *(.fini2)
 *(.fini2)
 *(.fini1)
 *(.fini1)
 *(.fini0)
 .fini0         0x00007fca        0x4 c:/program files (x86)/atmel/avr studio 5.0/avr toolchain/bin/../lib/gcc/avr/4.5.1/avr5\libgcc.a(_exit.o)
 *(.fini0)
                0x00007fce                _etext = .

.data           0x00800100      0x14c load address 0x00007fce
                0x00800100                PROVIDE (__data_start, .)
 *(.data)
 .data          0x00800100        0x0 c:/program files (x86)/atmel/avr studio 5.0/avr toolchain/bin/../lib/gcc/avr/4.5.1/../../../../avr/lib/avr5/crtm324p.o
 .data          0x00800100        0x0 adc_interface.o
 .data          0x00800100        0x0 adx_interface.o
 .data          0x00800100        0x0 bmp085_interface.o
 .data          0x00800100        0xf coms_interface.o
 .data          0x0080010f       0x20 data_interface.o
 .data          0x0080012f        0x0 globals.o
 .data          0x0080012f        0x6 gps_interface.o
 .data          0x00800135        0x0 isense.o
 .data          0x00800135        0x0 light_interface.o
 .data          0x00800135        0x0 rtc_interface.o
 .data          0x00800135       0x13 sensor_interface.o
 .data          0x00800148        0x0 spi_master.o
 .data          0x00800148        0x4 timer_interface.o
                0x00800148                timerNextEvent
                0x0080014a                timerNextEventTime
 .data          0x0080014c        0x0 twi_interface.o
 .data          0x0080014c        0x0 usart_interface.o
 .data          0x0080014c        0x0 user_interface.o
 .data          0x0080014c        0x0 c:/program files (x86)/atmel/avr studio 5.0/avr toolchain/bin/../lib/gcc/avr/4.5.1/avr5\libgcc.a(_mulsi3.o)
 .data          0x0080014c        0x0 c:/program files (x86)/atmel/avr studio 5.0/avr toolchain/bin/../lib/gcc/avr/4.5.1/avr5\libgcc.a(_udivmodqi4.o)
 .data          0x0080014c        0x0 c:/program files (x86)/atmel/avr studio 5.0/avr toolchain/bin/../lib/gcc/avr/4.5.1/avr5\libgcc.a(_udivmodhi4.o)
 .data          0x0080014c        0x0 c:/program files (x86)/atmel/avr studio 5.0/avr toolchain/bin/../lib/gcc/avr/4.5.1/avr5\libgcc.a(_divmodhi4.o)
 .data          0x0080014c        0x0 c:/program files (x86)/atmel/avr studio 5.0/avr toolchain/bin/../lib/gcc/avr/4.5.1/avr5\libgcc.a(_udivmodsi4.o)
 .data          0x0080014c        0x0 c:/program files (x86)/atmel/avr studio 5.0/avr toolchain/bin/../lib/gcc/avr/4.5.1/avr5\libgcc.a(_divmodsi4.o)
 .data          0x0080014c        0x0 c:/program files (x86)/atmel/avr studio 5.0/avr toolchain/bin/../lib/gcc/avr/4.5.1/avr5\libgcc.a(_exit.o)
 .data          0x0080014c        0x0 c:/program files (x86)/atmel/avr studio 5.0/avr toolchain/bin/../lib/gcc/avr/4.5.1/avr5\libgcc.a(_copy_data.o)
 .data          0x0080014c        0x0 c:/program files (x86)/atmel/avr studio 5.0/avr toolchain/bin/../lib/gcc/avr/4.5.1/avr5\libgcc.a(_clear_bss.o)
 .data          0x0080014c        0x0 c:/program files (x86)/atmel/avr studio 5.0/avr toolchain/bin/../lib/gcc/avr/4.5.1/avr5\libgcc.a(_ashldi3.o)
 .data          0x0080014c        0x0 c:/program files (x86)/atmel/avr studio 5.0/avr toolchain/bin/../lib/gcc/avr/4.5.1/avr5\libgcc.a(_divdi3.o)
 .data          0x0080014c        0x0 c:/program files (x86)/atmel/avr studio 5.0/avr toolchain/bin/../lib/gcc/avr/4.5.1/avr5\libgcc.a(_moddi3.o)
 .data          0x0080014c        0x0 c:/program files (x86)/atmel/avr studio 5.0/avr toolchain/bin/../lib/gcc/avr/4.5.1/avr5\libgcc.a(_prologue.o)
 .data          0x0080014c        0x0 c:/program files (x86)/atmel/avr studio 5.0/avr toolchain/bin/../lib/gcc/avr/4.5.1/avr5\libgcc.a(_epilogue.o)
 .data          0x0080014c      0x100 c:/program files (x86)/atmel/avr studio 5.0/avr toolchain/bin/../lib/gcc/avr/4.5.1/avr5\libgcc.a(_clz.o)
                0x0080014c                __clz_tab
 .data          0x0080024c        0x0 c:/program files (x86)/atmel/avr studio 5.0/avr toolchain/bin/../lib/gcc/avr/4.5.1/../../../../avr/lib/avr5\libc.a(atoi.o)
 .data          0x0080024c        0x0 c:/program files (x86)/atmel/avr studio 5.0/avr toolchain/bin/../lib/gcc/avr/4.5.1/../../../../avr/lib/avr5\libc.a(mul10.o)
 .data          0x0080024c        0x0 c:/program files (x86)/atmel/avr studio 5.0/avr toolchain/bin/../lib/gcc/avr/4.5.1/../../../../avr/lib/avr5\libc.a(eerd_byte_atmega324p.o)
 .data          0x0080024c        0x0 c:/program files (x86)/atmel/avr studio 5.0/avr toolchain/bin/../lib/gcc/avr/4.5.1/../../../../avr/lib/avr5\libc.a(eewr_byte_atmega324p.o)
 *(.data*)
 *(.rodata)
 *(.rodata*)
 *(.gnu.linkonce.d*)
                0x0080024c                . = ALIGN (0x2)
                0x0080024c                _edata = .
                0x0080024c                PROVIDE (__data_end, .)

.bss            0x0080024c      0x131
                0x0080024c                PROVIDE (__bss_start, .)
 *(.bss)
 .bss           0x0080024c        0x0 c:/program files (x86)/atmel/avr studio 5.0/avr toolchain/bin/../lib/gcc/avr/4.5.1/../../../../avr/lib/avr5/crtm324p.o
 .bss           0x0080024c        0x1 adc_interface.o
 .bss           0x0080024d        0x6 adx_interface.o
 .bss           0x00800253       0x1a bmp085_interface.o
 .bss           0x0080026d       0x16 coms_interface.o
 .bss           0x00800283        0x4 data_interface.o
 .bss           0x00800287        0x0 globals.o
 .bss           0x00800287       0xb4 gps_interface.o
 .bss           0x0080033b        0x0 isense.o
 .bss           0x0080033b        0x0 light_interface.o
 .bss           0x0080033b        0x0 rtc_interface.o
 .bss           0x0080033b       0x2f sensor_interface.o
 .bss           0x0080036a        0x0 spi_master.o
 .bss           0x0080036a        0x7 timer_interface.o
                0x0080036a                clockSecondsPassed
                0x0080036c                clockMilisecondsPassed
                0x0080036e                clockSleepCount
                0x00800370                timerSleep
 .bss           0x00800371        0x0 twi_interface.o
 .bss           0x00800371        0x0 usart_interface.o
 .bss           0x00800371        0xc user_interface.o
 .bss           0x0080037d        0x0 c:/program files (x86)/atmel/avr studio 5.0/avr toolchain/bin/../lib/gcc/avr/4.5.1/avr5\libgcc.a(_mulsi3.o)
 .bss           0x0080037d        0x0 c:/program files (x86)/atmel/avr studio 5.0/avr toolchain/bin/../lib/gcc/avr/4.5.1/avr5\libgcc.a(_udivmodqi4.o)
 .bss           0x0080037d        0x0 c:/program files (x86)/atmel/avr studio 5.0/avr toolchain/bin/../lib/gcc/avr/4.5.1/avr5\libgcc.a(_udivmodhi4.o)
 .bss           0x0080037d        0x0 c:/program files (x86)/atmel/avr studio 5.0/avr toolchain/bin/../lib/gcc/avr/4.5.1/avr5\libgcc.a(_divmodhi4.o)
 .bss           0x0080037d        0x0 c:/program files (x86)/atmel/avr studio 5.0/avr toolchain/bin/../lib/gcc/avr/4.5.1/avr5\libgcc.a(_udivmodsi4.o)
 .bss           0x0080037d        0x0 c:/program files (x86)/atmel/avr studio 5.0/avr toolchain/bin/../lib/gcc/avr/4.5.1/avr5\libgcc.a(_divmodsi4.o)
 .bss           0x0080037d        0x0 c:/program files (x86)/atmel/avr studio 5.0/avr toolchain/bin/../lib/gcc/avr/4.5.1/avr5\libgcc.a(_exit.o)
 .bss           0x0080037d        0x0 c:/program files (x86)/atmel/avr studio 5.0/avr toolchain/bin/../lib/gcc/avr/4.5.1/avr5\libgcc.a(_copy_data.o)
 .bss           0x0080037d        0x0 c:/program files (x86)/atmel/avr studio 5.0/avr toolchain/bin/../lib/gcc/avr/4.5.1/avr5\libgcc.a(_clear_bss.o)
 .bss           0x0080037d        0x0 c:/program files (x86)/atmel/avr studio 5.0/avr toolchain/bin/../lib/gcc/avr/4.5.1/avr5\libgcc.a(_ashldi3.o)
 .bss           0x0080037d        0x0 c:/program files (x86)/atmel/avr studio 5.0/avr toolchain/bin/../lib/gcc/avr/4.5.1/avr5\libgcc.a(_divdi3.o)
 .bss           0x0080037d        0x0 c:/program files (x86)/atmel/avr studio 5.0/avr toolchain/bin/../lib/gcc/avr/4.5.1/avr5\libgcc.a(_moddi3.o)
 .bss           0x0080037d        0x0 c:/program files (x86)/atmel/avr studio 5.0/avr toolchain/bin/../lib/gcc/avr/4.5.1/avr5\libgcc.a(_prologue.o)
 .bss           0x0080037d        0x0 c:/program files (x86)/atmel/avr studio 5.0/avr toolchain/bin/../lib/gcc/avr/4.5.1/avr5\libgcc.a(_epilogue.o)
 .bss           0x0080037d        0x0 c:/program files (x86)/atmel/avr studio 5.0/avr toolchain/bin/../lib/gcc/avr/4.5.1/avr5\libgcc.a(_clz.o)
 .bss           0x0080037d        0x0 c:/program files (x86)/atmel/avr studio 5.0/avr toolchain/bin/../lib/gcc/avr/4.5.1/../../../../avr/lib/avr5\libc.a(atoi.o)
 .bss           0x0080037d        0x0 c:/program files (x86)/atmel/avr studio 5.0/avr toolchain/bin/../lib/gcc/avr/4.5.1/../../../../avr/lib/avr5\libc.a(mul10.o)
 .bss           0x0080037d        0x0 c:/program files (x86)/atmel/avr studio 5.0/avr toolchain/bin/../lib/gcc/avr/4.5.1/../../../../avr/lib/avr5\libc.a(eerd_byte_atmega324p.o)
 .bss           0x0080037d        0x0 c:/program files (x86)/atmel/avr studio 5.0/avr toolchain/bin/../lib/gcc/avr/4.5.1/../../../../avr/lib/avr5\libc.a(eewr_byte_atmega324p.o)
 *(.bss*)
 *(COMMON)
                0x0080037d                PROVIDE (__bss_end, .)
                0x00007fce                __data_load_start = LOADADDR (.data)
                0x0000811a                __data_load_end = (__data_load_start + SIZEOF (.data))

.noinit         0x0080037d        0x1
                0x0080037d                PROVIDE (__noinit_start, .)
 *(.noinit*)
 .noinit        0x0080037d        0x1 isense.o
                0x0080037d                mcusr_mirror
                0x0080037e                PROVIDE (__noinit_end, .)
                0x0080037e                _end = .
                0x0080037e                PROVIDE (__heap_start, .)

.eeprom         0x00810000        0x0
 *(.eeprom*)
                0x00810000                __eeprom_end = .

.fuse
 *(.fuse)
 *(.lfuse)
 *(.hfuse)
 *(.efuse)

.lock
 *(.lock*)

.signature
 *(.signature*)

.stab           0x00000000      0xa2c
 *(.stab)
 .stab          0x00000000      0x6cc c:/program files (x86)/atmel/avr studio 5.0/avr toolchain/bin/../lib/gcc/avr/4.5.1/../../../../avr/lib/avr5/crtm324p.o
 .stab          0x000006cc      0x174 c:/program files (x86)/atmel/avr studio 5.0/avr toolchain/bin/../lib/gcc/avr/4.5.1/../../../../avr/lib/avr5\libc.a(atoi.o)
                                0x180 (size before relaxing)
 .stab          0x00000840       0x78 c:/program files (x86)/atmel/avr studio 5.0/avr toolchain/bin/../lib/gcc/avr/4.5.1/../../../../avr/lib/avr5\libc.a(mul10.o)
                                 0x84 (size before relaxing)
 .stab          0x000008b8       0x90 c:/program files (x86)/atmel/avr studio 5.0/avr toolchain/bin/../lib/gcc/avr/4.5.1/../../../../avr/lib/avr5\libc.a(eerd_byte_atmega324p.o)
                                 0x9c (size before relaxing)
 .stab          0x00000948       0xe4 c:/program files (x86)/atmel/avr studio 5.0/avr toolchain/bin/../lib/gcc/avr/4.5.1/../../../../avr/lib/avr5\libc.a(eewr_byte_atmega324p.o)
                                 0xf0 (size before relaxing)

.stabstr        0x00000000      0x20a
 *(.stabstr)
 .stabstr       0x00000000      0x20a c:/program files (x86)/atmel/avr studio 5.0/avr toolchain/bin/../lib/gcc/avr/4.5.1/../../../../avr/lib/avr5/crtm324p.o

.stab.excl
 *(.stab.excl)

.stab.exclstr
 *(.stab.exclstr)

.stab.index
 *(.stab.index)

.stab.indexstr
 *(.stab.indexstr)

.comment
 *(.comment)

.debug
 *(.debug)

.line
 *(.line)

.debug_srcinfo
 *(.debug_srcinfo)

.debug_sfnames
 *(.debug_sfnames)

.debug_aranges  0x00000000      0x268
 *(.debug_aranges)
 .debug_aranges
                0x00000000       0x20 adc_interface.o
 .debug_aranges
                0x00000020       0x20 adx_interface.o
 .debug_aranges
                0x00000040       0x20 bmp085_interface.o
 .debug_aranges
                0x00000060       0x20 coms_interface.o
 .debug_aranges
                0x00000080       0x20 data_interface.o
 .debug_aranges
                0x000000a0       0x20 globals.o
 .debug_aranges
                0x000000c0       0x20 gps_interface.o
 .debug_aranges
                0x000000e0       0x28 isense.o
 .debug_aranges
                0x00000108       0x20 light_interface.o
 .debug_aranges
                0x00000128       0x20 rtc_interface.o
 .debug_aranges
                0x00000148       0x20 sensor_interface.o
 .debug_aranges
                0x00000168       0x20 spi_master.o
 .debug_aranges
                0x00000188       0x20 timer_interface.o
 .debug_aranges
                0x000001a8       0x20 twi_interface.o
 .debug_aranges
                0x000001c8       0x20 usart_interface.o
 .debug_aranges
                0x000001e8       0x20 user_interface.o
 .debug_aranges
                0x00000208       0x20 c:/program files (x86)/atmel/avr studio 5.0/avr toolchain/bin/../lib/gcc/avr/4.5.1/avr5\libgcc.a(_ashldi3.o)
 .debug_aranges
                0x00000228       0x20 c:/program files (x86)/atmel/avr studio 5.0/avr toolchain/bin/../lib/gcc/avr/4.5.1/avr5\libgcc.a(_divdi3.o)
 .debug_aranges
                0x00000248       0x20 c:/program files (x86)/atmel/avr studio 5.0/avr toolchain/bin/../lib/gcc/avr/4.5.1/avr5\libgcc.a(_moddi3.o)

.debug_pubnames
                0x00000000      0x7eb
 *(.debug_pubnames)
 .debug_pubnames
                0x00000000       0x3c adc_interface.o
 .debug_pubnames
                0x0000003c       0x44 adx_interface.o
 .debug_pubnames
                0x00000080       0x83 bmp085_interface.o
 .debug_pubnames
                0x00000103       0x8f coms_interface.o
 .debug_pubnames
                0x00000192       0xba data_interface.o
 .debug_pubnames
                0x0000024c       0x35 globals.o
 .debug_pubnames
                0x00000281       0x76 gps_interface.o
 .debug_pubnames
                0x000002f7       0x43 isense.o
 .debug_pubnames
                0x0000033a       0x30 light_interface.o
 .debug_pubnames
                0x0000036a       0x42 rtc_interface.o
 .debug_pubnames
                0x000003ac       0x52 sensor_interface.o
 .debug_pubnames
                0x000003fe       0xbb spi_master.o
 .debug_pubnames
                0x000004b9      0x14d timer_interface.o
 .debug_pubnames
                0x00000606       0x3a twi_interface.o
 .debug_pubnames
                0x00000640       0xbc usart_interface.o
 .debug_pubnames
                0x000006fc       0x71 user_interface.o
 .debug_pubnames
                0x0000076d       0x20 c:/program files (x86)/atmel/avr studio 5.0/avr toolchain/bin/../lib/gcc/avr/4.5.1/avr5\libgcc.a(_ashldi3.o)
 .debug_pubnames
                0x0000078d       0x1f c:/program files (x86)/atmel/avr studio 5.0/avr toolchain/bin/../lib/gcc/avr/4.5.1/avr5\libgcc.a(_divdi3.o)
 .debug_pubnames
                0x000007ac       0x1f c:/program files (x86)/atmel/avr studio 5.0/avr toolchain/bin/../lib/gcc/avr/4.5.1/avr5\libgcc.a(_moddi3.o)
 .debug_pubnames
                0x000007cb       0x20 c:/program files (x86)/atmel/avr studio 5.0/avr toolchain/bin/../lib/gcc/avr/4.5.1/avr5\libgcc.a(_clz.o)

.debug_info     0x00000000     0x4325
 *(.debug_info)
 .debug_info    0x00000000      0x182 adc_interface.o
 .debug_info    0x00000182      0x1e2 adx_interface.o
 .debug_info    0x00000364      0x2fb bmp085_interface.o
 .debug_info    0x0000065f      0x5f3 coms_interface.o
 .debug_info    0x00000c52      0x46a data_interface.o
 .debug_info    0x000010bc      0x143 globals.o
 .debug_info    0x000011ff      0x54c gps_interface.o
 .debug_info    0x0000174b      0x3d5 isense.o
 .debug_info    0x00001b20      0x120 light_interface.o
 .debug_info    0x00001c40      0x3c5 rtc_interface.o
 .debug_info    0x00002005      0x56e sensor_interface.o
 .debug_info    0x00002573      0x2a6 spi_master.o
 .debug_info    0x00002819      0x2fd timer_interface.o
 .debug_info    0x00002b16      0x15f twi_interface.o
 .debug_info    0x00002c75      0x334 usart_interface.o
 .debug_info    0x00002fa9      0x220 user_interface.o
 .debug_info    0x000031c9      0x184 c:/program files (x86)/atmel/avr studio 5.0/avr toolchain/bin/../lib/gcc/avr/4.5.1/avr5\libgcc.a(_ashldi3.o)
 .debug_info    0x0000334d      0x77d c:/program files (x86)/atmel/avr studio 5.0/avr toolchain/bin/../lib/gcc/avr/4.5.1/avr5\libgcc.a(_divdi3.o)
 .debug_info    0x00003aca      0x7b5 c:/program files (x86)/atmel/avr studio 5.0/avr toolchain/bin/../lib/gcc/avr/4.5.1/avr5\libgcc.a(_moddi3.o)
 .debug_info    0x0000427f       0xa6 c:/program files (x86)/atmel/avr studio 5.0/avr toolchain/bin/../lib/gcc/avr/4.5.1/avr5\libgcc.a(_clz.o)
 *(.gnu.linkonce.wi.*)

.debug_abbrev   0x00000000     0x1483
 *(.debug_abbrev)
 .debug_abbrev  0x00000000       0xb9 adc_interface.o
 .debug_abbrev  0x000000b9       0x96 adx_interface.o
 .debug_abbrev  0x0000014f       0x88 bmp085_interface.o
 .debug_abbrev  0x000001d7      0x16d coms_interface.o
 .debug_abbrev  0x00000344      0x169 data_interface.o
 .debug_abbrev  0x000004ad       0xa0 globals.o
 .debug_abbrev  0x0000054d      0x162 gps_interface.o
 .debug_abbrev  0x000006af      0x138 isense.o
 .debug_abbrev  0x000007e7       0x8e light_interface.o
 .debug_abbrev  0x00000875      0x10c rtc_interface.o
 .debug_abbrev  0x00000981      0x190 sensor_interface.o
 .debug_abbrev  0x00000b11       0xe8 spi_master.o
 .debug_abbrev  0x00000bf9      0x128 timer_interface.o
 .debug_abbrev  0x00000d21       0xc0 twi_interface.o
 .debug_abbrev  0x00000de1       0xec usart_interface.o
 .debug_abbrev  0x00000ecd      0x10c user_interface.o
 .debug_abbrev  0x00000fd9       0xf0 c:/program files (x86)/atmel/avr studio 5.0/avr toolchain/bin/../lib/gcc/avr/4.5.1/avr5\libgcc.a(_ashldi3.o)
 .debug_abbrev  0x000010c9      0x1b9 c:/program files (x86)/atmel/avr studio 5.0/avr toolchain/bin/../lib/gcc/avr/4.5.1/avr5\libgcc.a(_divdi3.o)
 .debug_abbrev  0x00001282      0x1a0 c:/program files (x86)/atmel/avr studio 5.0/avr toolchain/bin/../lib/gcc/avr/4.5.1/avr5\libgcc.a(_moddi3.o)
 .debug_abbrev  0x00001422       0x61 c:/program files (x86)/atmel/avr studio 5.0/avr toolchain/bin/../lib/gcc/avr/4.5.1/avr5\libgcc.a(_clz.o)

.debug_line     0x00000000     0x44af
 *(.debug_line)
 .debug_line    0x00000000      0x200 adc_interface.o
 .debug_line    0x00000200      0x2c5 adx_interface.o
 .debug_line    0x000004c5      0x2f8 bmp085_interface.o
 .debug_line    0x000007bd      0x9f7 coms_interface.o
 .debug_line    0x000011b4      0x39b data_interface.o
 .debug_line    0x0000154f      0x374 globals.o
 .debug_line    0x000018c3      0x5e8 gps_interface.o
 .debug_line    0x00001eab      0x2d8 isense.o
 .debug_line    0x00002183      0x157 light_interface.o
 .debug_line    0x000022da      0x1ce rtc_interface.o
 .debug_line    0x000024a8      0x67b sensor_interface.o
 .debug_line    0x00002b23      0x49c spi_master.o
 .debug_line    0x00002fbf      0x45a timer_interface.o
 .debug_line    0x00003419      0x22a twi_interface.o
 .debug_line    0x00003643      0x3bc usart_interface.o
 .debug_line    0x000039ff      0x3c3 user_interface.o
 .debug_line    0x00003dc2      0x101 c:/program files (x86)/atmel/avr studio 5.0/avr toolchain/bin/../lib/gcc/avr/4.5.1/avr5\libgcc.a(_ashldi3.o)
 .debug_line    0x00003ec3      0x2a4 c:/program files (x86)/atmel/avr studio 5.0/avr toolchain/bin/../lib/gcc/avr/4.5.1/avr5\libgcc.a(_divdi3.o)
 .debug_line    0x00004167      0x2aa c:/program files (x86)/atmel/avr studio 5.0/avr toolchain/bin/../lib/gcc/avr/4.5.1/avr5\libgcc.a(_moddi3.o)
 .debug_line    0x00004411       0x9e c:/program files (x86)/atmel/avr studio 5.0/avr toolchain/bin/../lib/gcc/avr/4.5.1/avr5\libgcc.a(_clz.o)

.debug_frame    0x00000000      0x6b0
 *(.debug_frame)
 .debug_frame   0x00000000       0x40 adc_interface.o
 .debug_frame   0x00000040       0x40 adx_interface.o
 .debug_frame   0x00000080       0x60 bmp085_interface.o
 .debug_frame   0x000000e0       0x80 coms_interface.o
 .debug_frame   0x00000160       0xa0 data_interface.o
 .debug_frame   0x00000200       0x30 globals.o
 .debug_frame   0x00000230       0x80 gps_interface.o
 .debug_frame   0x000002b0       0x40 isense.o
 .debug_frame   0x000002f0       0x30 light_interface.o
 .debug_frame   0x00000320       0x40 rtc_interface.o
 .debug_frame   0x00000360       0x50 sensor_interface.o
 .debug_frame   0x000003b0       0xa0 spi_master.o
 .debug_frame   0x00000450       0xb0 timer_interface.o
 .debug_frame   0x00000500       0x40 twi_interface.o
 .debug_frame   0x00000540       0xb0 usart_interface.o
 .debug_frame   0x000005f0       0x60 user_interface.o
 .debug_frame   0x00000650       0x20 c:/program files (x86)/atmel/avr studio 5.0/avr toolchain/bin/../lib/gcc/avr/4.5.1/avr5\libgcc.a(_ashldi3.o)
 .debug_frame   0x00000670       0x20 c:/program files (x86)/atmel/avr studio 5.0/avr toolchain/bin/../lib/gcc/avr/4.5.1/avr5\libgcc.a(_divdi3.o)
 .debug_frame   0x00000690       0x20 c:/program files (x86)/atmel/avr studio 5.0/avr toolchain/bin/../lib/gcc/avr/4.5.1/avr5\libgcc.a(_moddi3.o)

.debug_str      0x00000000      0xd36
 *(.debug_str)
 .debug_str     0x00000000      0x15a adc_interface.o
                                0x193 (size before relaxing)
 .debug_str     0x0000015a       0x4a adx_interface.o
                                0x133 (size before relaxing)
 .debug_str     0x000001a4       0x87 bmp085_interface.o
                                0x178 (size before relaxing)
 .debug_str     0x0000022b      0x1b9 coms_interface.o
                                0x2c3 (size before relaxing)
 .debug_str     0x000003e4      0x15a data_interface.o
                                0x28b (size before relaxing)
 .debug_str     0x0000053e       0x76 globals.o
                                0x15a (size before relaxing)
 .debug_str     0x000005b4       0xd7 gps_interface.o
                                0x2ad (size before relaxing)
 .debug_str     0x0000068b       0x45 isense.o
                                0x26a (size before relaxing)
 .debug_str     0x000006d0       0x2d light_interface.o
                                0x116 (size before relaxing)
 .debug_str     0x000006fd       0x39 rtc_interface.o
                                0x1ff (size before relaxing)
 .debug_str     0x00000736      0x122 sensor_interface.o
                                0x363 (size before relaxing)
 .debug_str     0x00000858       0x9e spi_master.o
                                0x1bc (size before relaxing)
 .debug_str     0x000008f6      0x140 timer_interface.o
                                0x245 (size before relaxing)
 .debug_str     0x00000a36       0x37 twi_interface.o
                                0x137 (size before relaxing)
 .debug_str     0x00000a6d       0xd2 usart_interface.o
                                0x1d0 (size before relaxing)
 .debug_str     0x00000b3f       0x7c user_interface.o
                                0x1e0 (size before relaxing)
 .debug_str     0x00000bbb       0xf7 c:/program files (x86)/atmel/avr studio 5.0/avr toolchain/bin/../lib/gcc/avr/4.5.1/avr5\libgcc.a(_ashldi3.o)
                                0x188 (size before relaxing)
 .debug_str     0x00000cb2       0x7b c:/program files (x86)/atmel/avr studio 5.0/avr toolchain/bin/../lib/gcc/avr/4.5.1/avr5\libgcc.a(_divdi3.o)
                                0x1e0 (size before relaxing)
 .debug_str     0x00000d2d        0x9 c:/program files (x86)/atmel/avr studio 5.0/avr toolchain/bin/../lib/gcc/avr/4.5.1/avr5\libgcc.a(_moddi3.o)
                                0x1e0 (size before relaxing)
 .debug_str     0x00000000      0x14b c:/program files (x86)/atmel/avr studio 5.0/avr toolchain/bin/../lib/gcc/avr/4.5.1/avr5\libgcc.a(_clz.o)

.debug_loc      0x00000000     0x2287
 *(.debug_loc)
 .debug_loc     0x00000000       0x6d c:/program files (x86)/atmel/avr studio 5.0/avr toolchain/bin/../lib/gcc/avr/4.5.1/avr5\libgcc.a(_ashldi3.o)
 .debug_loc     0x0000006d     0x120f c:/program files (x86)/atmel/avr studio 5.0/avr toolchain/bin/../lib/gcc/avr/4.5.1/avr5\libgcc.a(_divdi3.o)
 .debug_loc     0x0000127c     0x100b c:/program files (x86)/atmel/avr studio 5.0/avr toolchain/bin/../lib/gcc/avr/4.5.1/avr5\libgcc.a(_moddi3.o)

.debug_macinfo
 *(.debug_macinfo)
OUTPUT(ISENSE2.elf elf32-avr)
LOAD linker stubs

.debug_pubtypes
                0x00000000      0x57e
 .debug_pubtypes
                0x00000000       0x34 adc_interface.o
 .debug_pubtypes
                0x00000034       0x1e adx_interface.o
 .debug_pubtypes
                0x00000052       0x44 bmp085_interface.o
 .debug_pubtypes
                0x00000096       0x66 coms_interface.o
 .debug_pubtypes
                0x000000fc       0x69 data_interface.o
 .debug_pubtypes
                0x00000165       0x39 globals.o
 .debug_pubtypes
                0x0000019e       0x5e gps_interface.o
 .debug_pubtypes
                0x000001fc       0x68 isense.o
 .debug_pubtypes
                0x00000264       0x1e light_interface.o
 .debug_pubtypes
                0x00000282       0x4e rtc_interface.o
 .debug_pubtypes
                0x000002d0       0x5e sensor_interface.o
 .debug_pubtypes
                0x0000032e       0x43 spi_master.o
 .debug_pubtypes
                0x00000371       0x2b timer_interface.o
 .debug_pubtypes
                0x0000039c       0x29 twi_interface.o
 .debug_pubtypes
                0x000003c5       0x45 usart_interface.o
 .debug_pubtypes
                0x0000040a       0x2a user_interface.o
 .debug_pubtypes
                0x00000434       0x62 c:/program files (x86)/atmel/avr studio 5.0/avr toolchain/bin/../lib/gcc/avr/4.5.1/avr5\libgcc.a(_ashldi3.o)
 .debug_pubtypes
                0x00000496       0x65 c:/program files (x86)/atmel/avr studio 5.0/avr toolchain/bin/../lib/gcc/avr/4.5.1/avr5\libgcc.a(_divdi3.o)
 .debug_pubtypes
                0x000004fb       0x65 c:/program files (x86)/atmel/avr studio 5.0/avr toolchain/bin/../lib/gcc/avr/4.5.1/avr5\libgcc.a(_moddi3.o)
 .debug_pubtypes
                0x00000560       0x1e c:/program files (x86)/atmel/avr studio 5.0/avr toolchain/bin/../lib/gcc/avr/4.5.1/avr5\libgcc.a(_clz.o)

.debug_ranges   0x00000000       0x48
 .debug_ranges  0x00000000       0x18 isense.o
 .debug_ranges  0x00000018       0x30 c:/program files (x86)/atmel/avr studio 5.0/avr toolchain/bin/../lib/gcc/avr/4.5.1/avr5\libgcc.a(_divdi3.o)
